---
http_interactions:
- request:
    method: get
    uri: http://id.loc.gov/vocabulary/relators/ill.skos.nt
    body:
      encoding: US-ASCII
      string: ''
    headers:
      User-Agent:
      - Ruby RDF.rb/3.1.15
      Accept:
      - text/turtle, text/rdf+turtle, application/turtle;q=0.2, application/x-turtle;q=0.2,
        application/ld+json, application/x-ld+json, application/rdf+xml, application/n-triples,
        text/plain;q=0.2, application/n-quads, text/x-nquads;q=0.2, */*;q=0.1
      Accept-Encoding:
      - gzip;q=1.0,deflate;q=0.6,identity;q=0.3
  response:
    status:
      code: 301
      message: Moved Permanently
    headers:
      Date:
      - Tue, 16 Nov 2021 20:09:05 GMT
      Transfer-Encoding:
      - chunked
      Connection:
      - keep-alive
      Cache-Control:
      - max-age=3600
      Expires:
      - Tue, 16 Nov 2021 21:09:05 GMT
      Location:
      - https://id.loc.gov/vocabulary/relators/ill.skos.nt
      Vary:
      - Accept-Encoding
      Server:
      - cloudflare
      Cf-Ray:
      - 6af35ae05a5f2bb1-ORD
    body:
      encoding: UTF-8
      string: ''
  recorded_at: Tue, 16 Nov 2021 20:09:05 GMT
- request:
    method: get
    uri: https://id.loc.gov/vocabulary/relators/ill.skos.nt
    body:
      encoding: US-ASCII
      string: ''
    headers:
      User-Agent:
      - Ruby RDF.rb/3.1.15
      Accept:
      - text/turtle, text/rdf+turtle, application/turtle;q=0.2, application/x-turtle;q=0.2,
        application/ld+json, application/x-ld+json, application/rdf+xml, application/n-triples,
        text/plain;q=0.2, application/n-quads, text/x-nquads;q=0.2, */*;q=0.1
      Accept-Encoding:
      - gzip;q=1.0,deflate;q=0.6,identity;q=0.3
  response:
    status:
      code: 200
      message: OK
    headers:
      Date:
      - Tue, 16 Nov 2021 20:09:05 GMT
      Content-Type:
      - text/plain; charset=UTF-8
      Transfer-Encoding:
      - chunked
      Connection:
      - keep-alive
      X-Frame-Options:
      - DENY
      X-Xss-Protection:
      - '1'
      X-Content-Type-Options:
      - nosniff
      Access-Control-Allow-Origin:
      - "*"
      Access-Control-Allow-Method:
      - HEAD, POST, GET, OPTIONS
      Access-Control-Allow-Headers:
      - Content-Type, Access-Control-Allow-Headers, Authorization, X-Requested-With
      Access-Control-Expose-Headers:
      - Content-Type, Cache-Control, X-URI, X-PrefLabel
      Strict-Transport-Security:
      - max-age=31536000
      X-Preflabel:
      - Illustrator
      X-Uri:
      - http://id.loc.gov/vocabulary/relators/ill
      Cache-Control:
      - public, max-age=2419200
      X-Varnish:
      - 362494932 355292672
      Age:
      - '636288'
      Via:
      - 1.1 varnish (Varnish/6.0)
      Cf-Cache-Status:
      - DYNAMIC
      Expect-Ct:
      - max-age=604800, report-uri="https://report-uri.cloudflare.com/cdn-cgi/beacon/expect-ct"
      Server:
      - cloudflare
      Cf-Ray:
      - 6af35ae0de292a21-ORD
    body:
      encoding: ASCII-8BIT
      string: |-
        <http://id.loc.gov/vocabulary/relators/ill> <http://www.w3.org/1999/02/22-rdf-syntax-ns#type> <http://www.w3.org/2004/02/skos/core#Concept> .
        <http://id.loc.gov/vocabulary/relators/ill> <http://www.w3.org/2004/02/skos/core#prefLabel> "Illustrator" .
        <http://id.loc.gov/vocabulary/relators/ill> <http://www.w3.org/2004/02/skos/core#definition> "A person, family, or organization contributing to a resource by supplementing the primary content with drawings, diagrams, photographs, etc. If the work is primarily the artistic content created by this entity, use artist or photographer"@en .
        <http://id.loc.gov/vocabulary/relators/ill> <http://www.w3.org/2004/02/skos/core#editorial> "Changed MARC def"@en .
        <http://id.loc.gov/vocabulary/relators/ill> <http://www.w3.org/2004/02/skos/core#notation> "ill" .
        <http://id.loc.gov/vocabulary/relators/ill> <http://www.w3.org/2004/02/skos/core#inScheme> <http://id.loc.gov/vocabulary/relators> .
  recorded_at: Tue, 16 Nov 2021 20:09:05 GMT
- request:
    method: get
    uri: http://id.loc.gov/vocabulary/relators/ill.skos.nt
    body:
      encoding: US-ASCII
      string: ''
    headers:
      User-Agent:
      - Ruby RDF.rb/3.1.15
      Accept:
      - text/turtle, text/rdf+turtle, application/turtle;q=0.2, application/x-turtle;q=0.2,
        application/ld+json, application/x-ld+json, application/rdf+xml, application/n-triples,
        text/plain;q=0.2, application/n-quads, text/x-nquads;q=0.2, */*;q=0.1
      Accept-Encoding:
      - gzip;q=1.0,deflate;q=0.6,identity;q=0.3
  response:
    status:
      code: 301
      message: Moved Permanently
    headers:
      Date:
      - Tue, 16 Nov 2021 20:09:05 GMT
      Transfer-Encoding:
      - chunked
      Connection:
      - keep-alive
      Cache-Control:
      - max-age=3600
      Expires:
      - Tue, 16 Nov 2021 21:09:05 GMT
      Location:
      - https://id.loc.gov/vocabulary/relators/ill.skos.nt
      Vary:
      - Accept-Encoding
      Server:
      - cloudflare
      Cf-Ray:
      - 6af35ae1b85d2a90-ORD
    body:
      encoding: UTF-8
      string: ''
  recorded_at: Tue, 16 Nov 2021 20:09:05 GMT
- request:
    method: get
    uri: https://id.loc.gov/vocabulary/relators/ill.skos.nt
    body:
      encoding: US-ASCII
      string: ''
    headers:
      User-Agent:
      - Ruby RDF.rb/3.1.15
      Accept:
      - text/turtle, text/rdf+turtle, application/turtle;q=0.2, application/x-turtle;q=0.2,
        application/ld+json, application/x-ld+json, application/rdf+xml, application/n-triples,
        text/plain;q=0.2, application/n-quads, text/x-nquads;q=0.2, */*;q=0.1
      Accept-Encoding:
      - gzip;q=1.0,deflate;q=0.6,identity;q=0.3
  response:
    status:
      code: 200
      message: OK
    headers:
      Date:
      - Tue, 16 Nov 2021 20:09:05 GMT
      Content-Type:
      - text/plain; charset=UTF-8
      Transfer-Encoding:
      - chunked
      Connection:
      - keep-alive
      X-Frame-Options:
      - DENY
      X-Xss-Protection:
      - '1'
      X-Content-Type-Options:
      - nosniff
      Access-Control-Allow-Origin:
      - "*"
      Access-Control-Allow-Method:
      - HEAD, POST, GET, OPTIONS
      Access-Control-Allow-Headers:
      - Content-Type, Access-Control-Allow-Headers, Authorization, X-Requested-With
      Access-Control-Expose-Headers:
      - Content-Type, Cache-Control, X-URI, X-PrefLabel
      Strict-Transport-Security:
      - max-age=31536000
      X-Preflabel:
      - Illustrator
      X-Uri:
      - http://id.loc.gov/vocabulary/relators/ill
      Cache-Control:
      - public, max-age=2419200
      X-Varnish:
      - 351851504 347650615
      Age:
      - '566075'
      Via:
      - 1.1 varnish (Varnish/6.0)
      Cf-Cache-Status:
      - DYNAMIC
      Expect-Ct:
      - max-age=604800, report-uri="https://report-uri.cloudflare.com/cdn-cgi/beacon/expect-ct"
      Server:
      - cloudflare
      Cf-Ray:
      - 6af35ae21e752ad6-ORD
    body:
      encoding: ASCII-8BIT
      string: |-
        <http://id.loc.gov/vocabulary/relators/ill> <http://www.w3.org/1999/02/22-rdf-syntax-ns#type> <http://www.w3.org/2004/02/skos/core#Concept> .
        <http://id.loc.gov/vocabulary/relators/ill> <http://www.w3.org/2004/02/skos/core#prefLabel> "Illustrator" .
        <http://id.loc.gov/vocabulary/relators/ill> <http://www.w3.org/2004/02/skos/core#definition> "A person, family, or organization contributing to a resource by supplementing the primary content with drawings, diagrams, photographs, etc. If the work is primarily the artistic content created by this entity, use artist or photographer"@en .
        <http://id.loc.gov/vocabulary/relators/ill> <http://www.w3.org/2004/02/skos/core#editorial> "Changed MARC def"@en .
        <http://id.loc.gov/vocabulary/relators/ill> <http://www.w3.org/2004/02/skos/core#notation> "ill" .
        <http://id.loc.gov/vocabulary/relators/ill> <http://www.w3.org/2004/02/skos/core#inScheme> <http://id.loc.gov/vocabulary/relators> .
  recorded_at: Tue, 16 Nov 2021 20:09:05 GMT
recorded_with: VCR 6.0.0
